
> premsetu-client@1.0.0 start
> react-scripts start

Starting the development server...

Compiled successfully!

You can now view premsetu-client in the browser.

  Local:            http://localhost:3000
  On Your Network:  http://10.235.191.29:3000

Note that the development build is not optimized.
To create a production build, use npm run build.

webpack compiled [1m[32msuccessfully[39m[22m
Compiling...
Compiled successfully!
webpack compiled [1m[32msuccessfully[39m[22m
Failed to compile.

Module not found: Error: Can't resolve './index.css' in 'C:\Users\ASUS\OneDrive\Desktop\Bicholiya\premsetu\client\src'
[1m[31mERROR[39m[22m in [1m./src/index.js[39m[22m [1m[32m10:0-21[39m[22m
[1mModule [1m[31mnot found[39m[22m[1m: [1m[31mError[39m[22m[1m: Can't resolve './index.css' in 'C:\Users\ASUS\OneDrive\Desktop\Bicholiya\premsetu\client\src'[39m[22m

webpack compiled with [1m[31m1 error[39m[22m
Compiling...
Compiled successfully!
webpack compiled [1m[32msuccessfully[39m[22m

C:\Users\ASUS\OneDrive\Desktop\Bicholiya\premsetu\client>